This is XeTeX, Version 3.141592653-2.6-0.999996 (TeX Live 2025/dev/Debian) (preloaded format=xelatex)
entering extended mode
(./_combined_manuscript.tex
LaTeX2e <2024-11-01> patch level 2
L3 programming layer <2025-01-18>
(/usr/share/texlive/texmf-dist/tex/latex/base/article.cls
Document Class: article 2024/06/29 v1.4n Standard LaTeX document class
(/usr/share/texlive/texmf-dist/tex/latex/base/size10.clo))
(/usr/share/texlive/texmf-dist/tex/latex/amsmath/amsmath.sty
For additional information on amsmath, use the `?' option.
(/usr/share/texlive/texmf-dist/tex/latex/amsmath/amstext.sty
(/usr/share/texlive/texmf-dist/tex/latex/amsmath/amsgen.sty))
(/usr/share/texlive/texmf-dist/tex/latex/amsmath/amsbsy.sty)
(/usr/share/texlive/texmf-dist/tex/latex/amsmath/amsopn.sty))
(/usr/share/texlive/texmf-dist/tex/latex/amsfonts/amssymb.sty
(/usr/share/texlive/texmf-dist/tex/latex/amsfonts/amsfonts.sty))
(/usr/share/texlive/texmf-dist/tex/generic/iftex/iftex.sty)
(/usr/share/texlive/texmf-dist/tex/latex/unicode-math/unicode-math.sty
(/usr/share/texlive/texmf-dist/tex/latex/l3kernel/expl3.sty
(/usr/share/texlive/texmf-dist/tex/latex/l3backend/l3backend-xetex.def))
(/usr/share/texlive/texmf-dist/tex/latex/unicode-math/unicode-math-xetex.sty
(/usr/share/texlive/texmf-dist/tex/latex/l3packages/xparse/xparse.sty)
(/usr/share/texlive/texmf-dist/tex/latex/l3packages/l3keys2e/l3keys2e.sty)
(/usr/share/texlive/texmf-dist/tex/latex/fontspec/fontspec.sty
(/usr/share/texlive/texmf-dist/tex/latex/fontspec/fontspec-xetex.sty
(/usr/share/texlive/texmf-dist/tex/latex/base/fontenc.sty)
(/usr/share/texlive/texmf-dist/tex/latex/fontspec/fontspec.cfg)))
(/usr/share/texlive/texmf-dist/tex/latex/base/fix-cm.sty
(/usr/share/texlive/texmf-dist/tex/latex/base/ts1enc.def))
(/usr/share/texlive/texmf-dist/tex/latex/unicode-math/unicode-math-table.tex)))
(/usr/share/texlive/texmf-dist/tex/latex/upquote/upquote.sty
(/usr/share/texlive/texmf-dist/tex/latex/base/textcomp.sty))
(/usr/share/texlive/texmf-dist/tex/latex/microtype/microtype.sty
(/usr/share/texlive/texmf-dist/tex/latex/graphics/keyval.sty)
(/usr/share/texlive/texmf-dist/tex/latex/etoolbox/etoolbox.sty)
(/usr/share/texlive/texmf-dist/tex/latex/microtype/microtype-xetex.def)
(/usr/share/texlive/texmf-dist/tex/latex/microtype/microtype.cfg))
(/usr/share/texlive/texmf-dist/tex/latex/parskip/parskip.sty
(/usr/share/texlive/texmf-dist/tex/latex/kvoptions/kvoptions.sty
(/usr/share/texlive/texmf-dist/tex/generic/ltxcmds/ltxcmds.sty)
(/usr/share/texlive/texmf-dist/tex/latex/kvsetkeys/kvsetkeys.sty)))
(/usr/share/texlive/texmf-dist/tex/latex/xcolor/xcolor.sty
(/usr/share/texlive/texmf-dist/tex/latex/graphics-cfg/color.cfg)
(/usr/share/texlive/texmf-dist/tex/latex/graphics-def/xetex.def)
(/usr/share/texlive/texmf-dist/tex/latex/graphics/mathcolor.ltx))
(/usr/share/texlive/texmf-dist/tex/latex/fancyvrb/fancyvrb.sty)
(/usr/share/texlive/texmf-dist/tex/latex/tools/longtable.sty)
(/usr/share/texlive/texmf-dist/tex/latex/booktabs/booktabs.sty)
(/usr/share/texlive/texmf-dist/tex/latex/tools/array.sty)
(/usr/share/texlive/texmf-dist/tex/latex/tools/calc.sty)
(/usr/share/texlive/texmf-dist/tex/latex/footnotehyper/footnotehyper.sty)
(/usr/share/texlive/texmf-dist/tex/latex/graphics/graphicx.sty
(/usr/share/texlive/texmf-dist/tex/latex/graphics/graphics.sty
(/usr/share/texlive/texmf-dist/tex/latex/graphics/trig.sty)
(/usr/share/texlive/texmf-dist/tex/latex/graphics-cfg/graphics.cfg)))
(/usr/share/texlive/texmf-dist/tex/generic/babel/babel.sty
(/usr/share/texlive/texmf-dist/tex/generic/babel/xebabel.def)
(/usr/share/texlive/texmf-dist/tex/generic/babel/nil.ldf))
(/usr/share/texlive/texmf-dist/tex/generic/babel/locale/en/babel-english.tex)
(/usr/share/texlive/texmf-dist/tex/latex/caption/subcaption.sty
(/usr/share/texlive/texmf-dist/tex/latex/caption/caption.sty
(/usr/share/texlive/texmf-dist/tex/latex/caption/caption3.sty)
(/usr/share/texlive/texmf-dist/tex/latex/caption/ltcaption.sty)))
(/usr/share/texlive/texmf-dist/tex/latex/float/float.sty)
(/usr/share/texlive/texmf-dist/tex/latex/natbib/natbib.sty)
(/usr/share/texlive/texmf-dist/tex/latex/bookmark/bookmark.sty
(/usr/share/texlive/texmf-dist/tex/latex/hyperref/hyperref.sty
(/usr/share/texlive/texmf-dist/tex/generic/kvdefinekeys/kvdefinekeys.sty)
(/usr/share/texlive/texmf-dist/tex/generic/pdfescape/pdfescape.sty
(/usr/share/texlive/texmf-dist/tex/generic/pdftexcmds/pdftexcmds.sty
(/usr/share/texlive/texmf-dist/tex/generic/infwarerr/infwarerr.sty)))
(/usr/share/texlive/texmf-dist/tex/latex/hycolor/hycolor.sty)
(/usr/share/texlive/texmf-dist/tex/latex/hyperref/nameref.sty
(/usr/share/texlive/texmf-dist/tex/latex/refcount/refcount.sty)
(/usr/share/texlive/texmf-dist/tex/generic/gettitlestring/gettitlestring.sty))
(/usr/share/texlive/texmf-dist/tex/generic/stringenc/stringenc.sty)
(/usr/share/texlive/texmf-dist/tex/latex/hyperref/pd1enc.def)
(/usr/share/texlive/texmf-dist/tex/generic/intcalc/intcalc.sty)
(/usr/share/texlive/texmf-dist/tex/latex/hyperref/puenc.def)
(/usr/share/texlive/texmf-dist/tex/latex/url/url.sty)
(/usr/share/texlive/texmf-dist/tex/generic/bitset/bitset.sty
(/usr/share/texlive/texmf-dist/tex/generic/bigintcalc/bigintcalc.sty))
(/usr/share/texlive/texmf-dist/tex/latex/base/atbegshi-ltx.sty))
(/usr/share/texlive/texmf-dist/tex/latex/hyperref/hxetex.def
(/usr/share/texlive/texmf-dist/tex/latex/rerunfilecheck/rerunfilecheck.sty
(/usr/share/texlive/texmf-dist/tex/latex/base/atveryend-ltx.sty)
(/usr/share/texlive/texmf-dist/tex/generic/uniquecounter/uniquecounter.sty)))
(/usr/share/texlive/texmf-dist/tex/latex/bookmark/bkm-dvipdfm.def))
(/usr/share/texlive/texmf-dist/tex/latex/xurl/xurl.sty)
(/usr/share/texlive/texmf-dist/tex/latex/seqsplit/seqsplit.sty)
(/usr/share/texlive/texmf-dist/tex/latex/amscls/amsthm.sty)
(/usr/share/texlive/texmf-dist/tex/latex/geometry/geometry.sty
(/usr/share/texlive/texmf-dist/tex/generic/iftex/ifvtex.sty))
(/usr/share/texlive/texmf-dist/tex/latex/placeins/placeins.sty)
(/usr/share/texlive/texmf-dist/tex/latex/multirow/multirow.sty)
(/usr/share/texlive/texmf-dist/tex/latex/listings/listings.sty
(/usr/share/texlive/texmf-dist/tex/latex/listings/lstpatch.sty)
(/usr/share/texlive/texmf-dist/tex/latex/listings/lstmisc.sty)
(/usr/share/texlive/texmf-dist/tex/latex/listings/listings.cfg))
(/usr/share/texlive/texmf-dist/tex/latex/cleveref/cleveref.sty)
(./_combined_manuscript.aux)
(/usr/share/texlive/texmf-dist/tex/latex/microtype/mt-LatinModernRoman.cfg)
*geometry* driver: auto-detecting
*geometry* detected driver: xetex

[1] (./_combined_manuscript.toc
(/usr/share/texlive/texmf-dist/tex/latex/amsfonts/umsa.fd)
(/usr/share/texlive/texmf-dist/tex/latex/microtype/mt-msa.cfg)
(/usr/share/texlive/texmf-dist/tex/latex/amsfonts/umsb.fd)
(/usr/share/texlive/texmf-dist/tex/latex/microtype/mt-msb.cfg)
[1])
[2]
[3]
[4]
[5]
Underfull \hbox (badness 1769) in paragraph at lines 447--451
[]\TU/lmr/bx/n/10 Reproducibility assessment \TU/lmr/m/n/10 (\TU/lmtt/m/n/10 1
0 _ r e p r o d u c i b i l i t y _ a s s e s s m e n t . p y\TU/lmr/m/n/10 ) r
ecords workflow and source-

[6]
Underfull \hbox (badness 2478) in paragraph at lines 481--506
\TU/lmr/m/n/10 Retrieval dispatches the configured query across {{N_ENGINES}} i
ndependent literature engines ({{EN-

Underfull \hbox (badness 1762) in paragraph at lines 481--506
\TU/lmr/m/n/10 GINE_LIST}}). Each engine is an isolated adapter exposing a unif
orm \TU/lmtt/m/n/10 search(query) -> list[Record]

[7]
[8]
[9]
[10]
[11]
[12]
[13]
[14]
[15]
Underfull \hbox (badness 1038) in paragraph at lines 1064--1073
\TU/lmr/m/n/10 years under the configured retrieval and indexing conditions. Th
e peak year {{PEAK_YEAR}} contains

Overfull \hbox (18.43604pt too wide) in paragraph at lines 1080--1087
\TU/lmr/m/n/10 Records distribute across the {{N_SUBFIELDS}} configured subfiel
ds as shown in Table 2, with \TU/lmr/bx/n/10 {{TOP_SUBFIELD}}

Underfull \hbox (badness 2142) in paragraph at lines 1107--1107
[]\TU/lmr/m/n/10 Figure 3: |Subfield distribution for {{SEARCH_TERM_TITLE}}. Th
e {{N_SUBFIELDS}}-bucket taxon-

Underfull \hbox (badness 4429) in paragraph at lines 1107--1107
\TU/lmr/m/n/10 omy shows the relative weight of each configured sub-area, with
{{TOP_SUBFIELD}} dominant at

[16]
Overfull \hbox (32.81793pt too wide) in paragraph at lines 1124--1132
\TU/lmr/m/n/10 The corpus has measurable identifier coverage: {{DOI_COUNT}} of
{{CORPUS_SIZE}} records ({{PCT_WITH_DOI}}%)

[17]
[18]
[19]
[20]
[21]
Underfull \hbox (badness 4242) in paragraph at lines 1220--1226
\TU/lmr/m/n/10 a {{NUM_VOCAB_FEATURES}}-feature vocabulary feeds non-negative m
atrix factorization, which ex-

[22]
[23]
[24]
[25]
[26]
[27]
[28]
[29]
[30]
[31]
Overfull \hbox (1.224pt too wide) in paragraph at lines 1561--1566
\TU/lmr/m/n/10 The combined corpus contains \TU/lmr/bx/n/10 {{CITATION_EDGES}}
\TU/lmr/m/n/10 citation relationships across \TU/lmr/bx/n/10 {{CITATION_NODES}}


Underfull \hbox (badness 1490) in paragraph at lines 1570--1576
\TU/lmr/m/n/10 PRO_MEAN_SCORE}}, with {{REPRO_PAPERS_SCORED}} papers successful
ly scored. This analysis

[32]
[33]
[34]
[35]
[36]
[37]
[38]
[39]
[40] (./_combined_manuscript.bbl)
[41] (./_combined_manuscript.aux) )
(see the transcript file for additional information)
Output written on _combined_manuscript.pdf (42 pages).
Transcript written on _combined_manuscript.log.
